// Jest Snapshot v1, https://goo.gl/fbAQLP

exports[`LoginPage rendering renders LoginPage 1`] = `
<Fragment>
  <Alerts
    serverAlerts={Array []}
  />
  <LoginPage
    backgroundImgAlt="background-image"
    backgroundImgSrc="/some-background"
    brandImgAlt="Foreman logo"
    brandImgSrc="/some-logo"
    footerListVariants="inline"
    loginTitle="Log in to your account"
    textContent={
      <TextContent>
        <Text
          component="h1"
          id="title"
        >
          Welcome
        </Text>
        <Text
          component="p"
          id="version"
        >
          Version %s
        </Text>
        <br />
        <Text
          component="p"
          id="login-footer-text"
        >
          some caption
        </Text>
      </TextContent>
    }
  >
    <LoginForm
      errors={
        Array [
          "some-error",
        ]
      }
      token="some token"
    />
  </LoginPage>
</Fragment>
`;
